AREA .  .ABS.
	RADIX HEX
	BASE 0000
	SIZE 0000
	ATTRIB ABS OVR
	GLOBALS
		l__HEAP	0000
		l__BSEG	0000
		l_.  .ABS.	0000
		l__GSFINAL	0000
		l__ISEG	0000
		s_.  .ABS.	0000
		l__HOME	0000
		s__HEADER	0000
		l__XSEG	0000
		.init	0000
		l__OVERLAY	0000
		s__SFR	0000
		l__GSINITTAIL	0001
		l__DATA	0002
		l__GSINIT	000B
		l__BSS	008D
		l__HEADER	01EF
		s__CODE	0200
		l__LIT	1772
		l__CODE	1CB5
		s__HOME	1EB5
		s__LIT	1EB5
		s__GSINIT	3627
		s__GSINITTAIL	3632
		s__GSFINAL	3633
		.OAM	C000
		s__DATA	C0A0
		s__BSS	C0A2
		s__HEAP	C12F
		s__BSEG	C12F
		s__ISEG	C12F
		s__XSEG	C12F
		s__OVERLAY	C12F
		.STACK	E000
		.refresh_OAM	FF80
		l__SFR	10000
AREA _CODE
	RADIX HEX
	BASE 0200
	SIZE 1CB5
	ATTRIB REL CON
	GLOBALS
		.set_mode	0200
		.remove_VBL	0210
		.remove_LCD	0216
		.remove_TIM	021C
		.remove_SIO	0222
		.remove_JOY	0228
		.add_VBL	022E
		.add_LCD	0234
		.add_TIM	023A
		.add_SIO	0240
		.add_JOY	0246
		.remove_int	024C
		.add_int	026C
		.wait_vbl_done	0288
		_wait_vbl_done	0288
		_display_off	0299
		.display_off	0299
		.serial_IO	02BA
		_mode	02E9
		_get_mode	02F2
		_enable_interrupts	02F7
		_disable_interrupts	02F9
		_reset	02FB
		.reset	02FB
		_set_interrupts	0301
		_remove_VBL	030C
		_remove_LCD	0317
		_remove_TIM	0322
		_remove_SIO	032D
		_remove_JOY	0338
		_add_VBL	0343
		_add_LCD	034E
		_add_TIM	0359
		_add_SIO	0364
		_add_JOY	036F
		_clock	037A
		__printTStates	0383
		_main	0384
		_set_bkg_palette	03F7
		_set_sprite_palette	0422
		_set_bkg_palette_entry	044D
		_set_sprite_palette_entry	0475
		_cpu_slow	049D
		_cpu_fast	04B8
		_cgb_compatibility	04BF
		font_copy_uncompressed	0508
		font_copy_compressed	053E
		font_load	0593
		font_copy_current	05DB
		font_set	0623
		.put_char	0630
		.out_char	0649
		.del_char	0650
		_putchar	06AA
		_setchar	06B1
		_font_load	06BA
		_font_set	06C8
		_font_init	06D7
		_print_repeat	06F9
		_gotoxy	0710
		_cls	071B
		.cls	071B
		_posx	0736
		_posy	0747
		.cr_curs	076F
		.adv_curs	0784
		.tmode	07E0
		.tmode_out	0809
		.set_sprite_prop	0819
		_set_sprite_prop	0826
		_scroll_bkg	0831
		_move_win	0847
		.gmode	0850
		.vbl	08B2
		.lcd	08BD
		.draw_image	08CA
		.switch_data	08D4
		.adv_gcurs	090B
		.circle	0928
		.horlin	09CB
		.verlin	0A03
		.circplot	0A5F
		.box	0ADD
		.line	0BB3
		.xonly	0CD4
		.yonly	0E23
		.plot	0E44
		.wrbyte	0E61
		.getpix	0EE3
		.wrtchr	0F18
		_gotogxy	0F7C
		_wrtchr	0F87
		_getpix	0F9C
		_color	0FA8
		_circle	0FB7
		_box	0FD1
		_line	0FF5
		_plot_point	100D
		_plot	1021
		_switch_data	103D
		_draw_image	1058
		.padup	106B
		_waitpadup	106B
		.jpad	107B
		.wait_pad	10A8
		_joypad	10AF
		_waitpad	10B4
		.mv_sprite	10BE
		_move_sprite	10CD
		_get_win_tiles	10DA
		_gprintln	10EE
		_get_win_data	117C
		_get_bkg_data	117C
		_get_sprite_data	11C9
		_set_win_data	11F9
		_set_bkg_data	11F9
		_set_sprite_data	1246
		.tmode_inout	1275
		_getchar	152B
		_gets	153C
		_send_byte	1553
		_receive_byte	1566
		.copy_vram	1577
		_get_data	1586
		_set_data	1586
		_set_win_tiles	1599
		_gprintf	15AD
		_scroll_win	1720
		.get_xy_wtt	1736
		.get_xy_btt	1748
		.get_xy_tt	1757
		_get_tiles	1788
		_gprintn	17A1
		.get_sprite_tile	181B
		_get_sprite_tile	1828
		.scroll_sprite	1842
		_scroll_sprite	1853
		_printf	1A9E
		_sprintf	1B0B
		_move_bkg	1B63
		.set_xy_wtt	1B6C
		.set_xy_btt	1B7D
		.set_xy_tt	1B8C
		_set_tiles	1BBD
		_puts	1BD6
		.set_sprite_tile	1C0C
		_set_sprite_tile	1C19
		.delay	1C24
		_delay	1C5E
		_get_bkg_tiles	1C67
		_gprint	1C7B
		.get_sprite_prop	1CA8
		_get_sprite_prop	1CB5
		.init_vram	1CBE
		.init_wtt	1CCC
		.init_btt	1CDC
		.init_tt	1CEA
		.sgb_check	1CF0
		_sgb_check	1CF0
		.sgb_transfer	1D3D
		.hiramcpy	1D9E
		_hiramcpy	1DA5
		__divschar	1DB5
		__modschar	1DC1
		__divsint	1DCC
		__modsint	1DDD
		__divuchar	1DEC
		__moduchar	1DF8
		__divuint	1E03
		__moduint	1E14
		.mod8	1E23
		.div8	1E23
		.mod16	1E2B
		.div16	1E2B
		.modu8	1E61
		.divu8	1E61
		.modu16	1E64
		.divu16	1E64
		_set_bkg_tiles	1EA1
AREA _HEADER
	RADIX HEX
	BASE 0000
	SIZE 01EF
	ATTRIB ABS OVR
	GLOBALS
		_exit	01D1
AREA _HOME
	RADIX HEX
	BASE 1EB5
	SIZE 0000
	ATTRIB REL CON
AREA _LIT
	RADIX HEX
	BASE 1EB5
	SIZE 1772
	ATTRIB REL CON
	GLOBALS
		.y_table	1EB5
		_font_spect	210D
		_font_ibm_fixed	248F
		_font_ibm_fixed_tiles	2591
		_font_italic	2D91
		_font_ibm	30FB
		_font_min	347D
AREA _GSINIT
	RADIX HEX
	BASE 3627
	SIZE 000B
	ATTRIB REL CON
	GLOBALS
		gsinit	3627
AREA _GSINITTAIL
	RADIX HEX
	BASE 3632
	SIZE 0001
	ATTRIB REL CON
AREA _GSFINAL
	RADIX HEX
	BASE 3633
	SIZE 0000
	ATTRIB REL CON
AREA _DATA
	RADIX HEX
	BASE C0A0
	SIZE 0002
	ATTRIB REL CON
	GLOBALS
		_digits	C0A0
AREA _BSS
	RADIX HEX
	BASE C0A2
	SIZE 008D
	ATTRIB REL CON
	GLOBALS
		__cpu	C0A2
		.mode	C0A3
		__io_out	C0A4
		__io_in	C0A5
		__io_status	C0A6
		.vbl_done	C0A7
		_sys_time	C0A8
		.sys_time	C0A8
		.int_0x40	C0AA
		.int_0x48	C0BA
		.int_0x50	C0CA
		.int_0x58	C0DA
		.int_0x60	C0EA
		font_current	C0FA
		font_first_free_tile	C0FD
		font_table	C0FE
		.curx	C110
		.cury	C111
		.fg_colour	C112
		.bg_colour	C113
AREA _HEAP
	RADIX HEX
	BASE C12F
	SIZE 0000
	ATTRIB REL CON
	GLOBALS
		_malloc_heap_start	C12F
AREA _OVERLAY
	RADIX HEX
	BASE C12F
	SIZE 0000
	ATTRIB REL CON
AREA _ISEG
	RADIX HEX
	BASE C12F
	SIZE 0000
	ATTRIB REL CON
AREA _BSEG
	RADIX HEX
	BASE C12F
	SIZE 0000
	ATTRIB REL CON
AREA _XSEG
	RADIX HEX
	BASE C12F
	SIZE 0000
	ATTRIB REL CON
AREA _SFR
	RADIX HEX
	BASE 0000
	SIZE 10000
	ATTRIB ABS OVR
	GLOBALS
		_P1_REG	FF00
		_SB_REG	FF01
		_SC_REG	FF02
		_DIV_REG	FF04
		_TIMA_REG	FF05
		_TMA_REG	FF06
		_TAC_REG	FF07
		_IF_REG	FF0F
		_NR10_REG	FF10
		_NR11_REG	FF11
		_NR12_REG	FF12
		_NR13_REG	FF13
		_NR14_REG	FF14
		_NR21_REG	FF16
		_NR22_REG	FF17
		_NR23_REG	FF18
		_NR24_REG	FF19
		_NR30_REG	FF1A
		_NR31_REG	FF1B
		_NR32_REG	FF1C
		_NR33_REG	FF1D
		_NR34_REG	FF1E
		_NR41_REG	FF20
		_NR42_REG	FF21
		_NR43_REG	FF22
		_NR44_REG	FF23
		_NR50_REG	FF24
		_NR51_REG	FF25
		_NR52_REG	FF26
		_LCDC_REG	FF40
		_STAT_REG	FF41
		_SCY_REG	FF42
		_SCX_REG	FF43
		_LY_REG	FF44
		_LYC_REG	FF45
		_DMA_REG	FF46
		_BGP_REG	FF47
		_OBP0_REG	FF48
		_OBP1_REG	FF49
		_WY_REG	FF4A
		_WX_REG	FF4B
		_KEY1_REG	FF4D
		_VBK_REG	FF4F
		_HDMA1_REG	FF51
		_HDMA2_REG	FF52
		_HDMA3_REG	FF53
		_HDMA4_REG	FF54
		_HDMA5_REG	FF55
		_RP_REG	FF56
		_BCPS_REG	FF68
		_BCPD_REG	FF69
		_OCPS_REG	FF6A
		_OCPD_REG	FF6B
		_SVBK_REG	FF70
		_IE_REG	FFFF
MODULES
	FILE C:\repo\gb\mygb\mygb\lib/gb/crt0.o
		NAME Runtime
	FILE fonts.o
		NAME lcc54240
LIBRARIES
	LIBRARY C:\repo\gb\mygb\mygb\lib/gb/gb.lib
		MODULE cgb.o
	LIBRARY C:\repo\gb\mygb\mygb\lib/gb/gb.lib
		MODULE sfr.o
	LIBRARY C:\repo\gb\mygb\mygb\lib/gb/gb.lib
		MODULE font.o
	LIBRARY C:\repo\gb\mygb\mygb\lib/gb/gb.lib
		MODULE set_prop.o
	LIBRARY C:\repo\gb\mygb\mygb\lib/gb/gb.lib
		MODULE scroll_b.o
	LIBRARY C:\repo\gb\mygb\mygb\lib/gb/gb.lib
		MODULE mv_win.o
	LIBRARY C:\repo\gb\mygb\mygb\lib/gb/gb.lib
		MODULE drawing.o
	LIBRARY C:\repo\gb\mygb\mygb\lib/gb/gb.lib
		MODULE pad.o
	LIBRARY C:\repo\gb\mygb\mygb\lib/gb/gb.lib
		MODULE mv_spr.o
	LIBRARY C:\repo\gb\mygb\mygb\lib/gb/gb.lib
		MODULE get_wi_t.o
	LIBRARY C:\repo\gb\mygb\mygb\lib/gb/gb.lib
		MODULE gprintln.o
	LIBRARY C:\repo\gb\mygb\mygb\lib/gb/gb.lib
		MODULE get_data.o
	LIBRARY C:\repo\gb\mygb\mygb\lib/gb/gb.lib
		MODULE set_data.o
	LIBRARY C:\repo\gb\mygb\mygb\lib/gb/gb.lib
		MODULE input.o
	LIBRARY C:\repo\gb\mygb\mygb\lib/gb/gb.lib
		MODULE f_spect.o
	LIBRARY C:\repo\gb\mygb\mygb\lib/gb/gb.lib
		MODULE serial.o
	LIBRARY C:\repo\gb\mygb\mygb\lib/gb/gb.lib
		MODULE cpy_data.o
	LIBRARY C:\repo\gb\mygb\mygb\lib/gb/gb.lib
		MODULE set_wi_t.o
	LIBRARY C:\repo\gb\mygb\mygb\lib/gb/gb.lib
		MODULE gprintf.o
	LIBRARY C:\repo\gb\mygb\mygb\lib/gb/gb.lib
		MODULE scroll_w.o
	LIBRARY C:\repo\gb\mygb\mygb\lib/gb/gb.lib
		MODULE ibmfixed.o
	LIBRARY C:\repo\gb\mygb\mygb\lib/gb/gb.lib
		MODULE get_xy_t.o
	LIBRARY C:\repo\gb\mygb\mygb\lib/gb/gb.lib
		MODULE gprintn.o
	LIBRARY C:\repo\gb\mygb\mygb\lib/gb/gb.lib
		MODULE get_spr.o
	LIBRARY C:\repo\gb\mygb\mygb\lib/gb/gb.lib
		MODULE digits.o
	LIBRARY C:\repo\gb\mygb\mygb\lib/gb/gb.lib
		MODULE scroll_s.o
	LIBRARY C:\repo\gb\mygb\mygb\lib/gbz80/gbz80.lib
		MODULE printf.o
	LIBRARY C:\repo\gb\mygb\mygb\lib/gb/gb.lib
		MODULE mv_bkg.o
	LIBRARY C:\repo\gb\mygb\mygb\lib/gb/gb.lib
		MODULE set_xy_t.o
	LIBRARY C:\repo\gb\mygb\mygb\lib/gbz80/gbz80.lib
		MODULE puts.o
	LIBRARY C:\repo\gb\mygb\mygb\lib/gb/gb.lib
		MODULE f_italic.o
	LIBRARY C:\repo\gb\mygb\mygb\lib/gb/gb.lib
		MODULE f_ibm_sh.o
	LIBRARY C:\repo\gb\mygb\mygb\lib/gb/gb.lib
		MODULE set_spr.o
	LIBRARY C:\repo\gb\mygb\mygb\lib/gb/gb.lib
		MODULE delay.o
	LIBRARY C:\repo\gb\mygb\mygb\lib/gb/gb.lib
		MODULE get_bk_t.o
	LIBRARY C:\repo\gb\mygb\mygb\lib/gb/gb.lib
		MODULE gprint.o
	LIBRARY C:\repo\gb\mygb\mygb\lib/gb/gb.lib
		MODULE get_prop.o
	LIBRARY C:\repo\gb\mygb\mygb\lib/gb/gb.lib
		MODULE init_tt.o
	LIBRARY C:\repo\gb\mygb\mygb\lib/gb/gb.lib
		MODULE sgb.o
	LIBRARY C:\repo\gb\mygb\mygb\lib/gb/gb.lib
		MODULE f_min.o
	LIBRARY C:\repo\gb\mygb\mygb\lib/gb/gb.lib
		MODULE hiramcpy.o
	LIBRARY C:\repo\gb\mygb\mygb\lib/gbz80/gbz80.lib
		MODULE div.o
	LIBRARY C:\repo\gb\mygb\mygb\lib/gb/gb.lib
		MODULE set_bk_t.o
USERBASEDEF
	_CODE=0x0200
	_DATA=0xC0A0
	_CODE_1=0x4000
USERGLOBALDEF
	.OAM=0xC000
	.STACK=0xE000
	.refresh_OAM=0xFF80
	.init=0x0000
