AREA .  .ABS.
	RADIX HEX
	BASE 0000
	SIZE 0000
	ATTRIB ABS OVR
	GLOBALS
		l__HEAP	0000
		l__BSEG	0000
		l_.  .ABS.	0000
		l__GSFINAL	0000
		l__ISEG	0000
		s_.  .ABS.	0000
		l__HOME	0000
		s__HEADER	0000
		l__XSEG	0000
		.init	0000
		l__OVERLAY	0000
		s__SFR	0000
		l__GSINITTAIL	0001
		l__GSINIT	000B
		l__BSS	008D
		l__HEADER	01EF
		s__CODE	0200
		l__DATA	0309
		l__LIT	1772
		l__CODE	32FB
		s__HOME	34FB
		s__LIT	34FB
		s__GSINIT	4C6D
		s__GSINITTAIL	4C78
		s__GSFINAL	4C79
		.OAM	C000
		s__DATA	C0A0
		s__BSS	C3A9
		s__HEAP	C436
		s__BSEG	C436
		s__ISEG	C436
		s__XSEG	C436
		s__OVERLAY	C436
		.STACK	E000
		.refresh_OAM	FF80
		l__SFR	10000
AREA _CODE
	RADIX HEX
	BASE 0200
	SIZE 32FB
	ATTRIB REL CON
	GLOBALS
		.set_mode	0200
		.remove_VBL	0210
		.remove_LCD	0216
		.remove_TIM	021C
		.remove_SIO	0222
		.remove_JOY	0228
		.add_VBL	022E
		.add_LCD	0234
		.add_TIM	023A
		.add_SIO	0240
		.add_JOY	0246
		.remove_int	024C
		.add_int	026C
		.wait_vbl_done	0288
		_wait_vbl_done	0288
		_display_off	0299
		.display_off	0299
		.serial_IO	02BA
		_mode	02E9
		_get_mode	02F2
		_enable_interrupts	02F7
		_disable_interrupts	02F9
		_reset	02FB
		.reset	02FB
		_set_interrupts	0301
		_remove_VBL	030C
		_remove_LCD	0317
		_remove_TIM	0322
		_remove_SIO	032D
		_remove_JOY	0338
		_add_VBL	0343
		_add_LCD	034E
		_add_TIM	0359
		_add_SIO	0364
		_add_JOY	036F
		_clock	037A
		__printTStates	0383
		_set_cursor	0384
		_move_cursor	047C
		_move_menu_cursor	0591
		_set_icon	0608
		_change_icon	07A3
		_reset_icon	0991
		_splash	0A96
		_menu	0BC9
		_run	0E8F
		_delayFrames	0FFA
		_fontTest	100E
		_main	110D
		_icons	1117
		_data	11CB
		_selected_data	14CB
		_cursors	17CB
		_cursors_data	17E9
		_colors	1939
		_modes	193D
		_set_bkg_palette	1A07
		_set_sprite_palette	1A32
		_set_bkg_palette_entry	1A5D
		_set_sprite_palette_entry	1A85
		_cpu_slow	1AAD
		_cpu_fast	1AC8
		_cgb_compatibility	1ACF
		font_copy_uncompressed	1B18
		font_copy_compressed	1B4E
		font_load	1BA3
		font_copy_current	1BEB
		font_set	1C33
		.put_char	1C40
		.out_char	1C59
		.del_char	1C60
		_putchar	1CBA
		_setchar	1CC1
		_font_load	1CCA
		_font_set	1CD8
		_font_init	1CE7
		_print_repeat	1D09
		_gotoxy	1D20
		_cls	1D2B
		.cls	1D2B
		_posx	1D46
		_posy	1D57
		.cr_curs	1D7F
		.adv_curs	1D94
		.tmode	1DF0
		.tmode_out	1E19
		.set_sprite_prop	1E29
		_set_sprite_prop	1E36
		_scroll_bkg	1E41
		_move_win	1E57
		.gmode	1E60
		.vbl	1EC2
		.lcd	1ECD
		.draw_image	1EDA
		.switch_data	1EE4
		.adv_gcurs	1F1B
		.circle	1F38
		.horlin	1FDB
		.verlin	2013
		.circplot	206F
		.box	20ED
		.line	21C3
		.xonly	22E4
		.yonly	2433
		.plot	2454
		.wrbyte	2471
		.getpix	24F3
		.wrtchr	2528
		_gotogxy	258C
		_wrtchr	2597
		_getpix	25AC
		_color	25B8
		_circle	25C7
		_box	25E1
		_line	2605
		_plot_point	261D
		_plot	2631
		_switch_data	264D
		_draw_image	2668
		.padup	267B
		_waitpadup	267B
		.jpad	268B
		.wait_pad	26B8
		_joypad	26BF
		_waitpad	26C4
		.mv_sprite	26CE
		_move_sprite	26DD
		_get_win_tiles	26EA
		_gprintln	26FE
		_get_win_data	278C
		_get_bkg_data	278C
		_get_sprite_data	27D9
		_set_win_data	2809
		_set_bkg_data	2809
		_set_sprite_data	2856
		.tmode_inout	2885
		_getchar	2B3B
		_gets	2B4C
		_send_byte	2B63
		_receive_byte	2B76
		.copy_vram	2B87
		_get_data	2B96
		_set_data	2B96
		_set_win_tiles	2BA9
		_gprintf	2BBD
		_scroll_win	2D30
		.get_xy_wtt	2D46
		.get_xy_btt	2D58
		.get_xy_tt	2D67
		_get_tiles	2D98
		__mulschar	2DB1
		__muluchar	2DB1
		__mulsint	2DBD
		__muluint	2DBD
		.mulu16	2DD1
		.mul16	2DD1
		_gprintn	2DE7
		.get_sprite_tile	2E61
		_get_sprite_tile	2E6E
		.scroll_sprite	2E88
		_scroll_sprite	2E99
		_printf	30E4
		_sprintf	3151
		_move_bkg	31A9
		.set_xy_wtt	31B2
		.set_xy_btt	31C3
		.set_xy_tt	31D2
		_set_tiles	3203
		_puts	321C
		.set_sprite_tile	3252
		_set_sprite_tile	325F
		.delay	326A
		_delay	32A4
		_get_bkg_tiles	32AD
		_gprint	32C1
		.get_sprite_prop	32EE
		_get_sprite_prop	32FB
		.init_vram	3304
		.init_wtt	3312
		.init_btt	3322
		.init_tt	3330
		.sgb_check	3336
		_sgb_check	3336
		.sgb_transfer	3383
		.hiramcpy	33E4
		_hiramcpy	33EB
		__divschar	33FB
		__modschar	3407
		__divsint	3412
		__modsint	3423
		__divuchar	3432
		__moduchar	343E
		__divuint	3449
		__moduint	345A
		.mod8	3469
		.div8	3469
		.mod16	3471
		.div16	3471
		.modu8	34A7
		.divu8	34A7
		.modu16	34AA
		.divu16	34AA
		_set_bkg_tiles	34E7
AREA _HEADER
	RADIX HEX
	BASE 0000
	SIZE 01EF
	ATTRIB ABS OVR
	GLOBALS
		_exit	01D1
AREA _HOME
	RADIX HEX
	BASE 34FB
	SIZE 0000
	ATTRIB REL CON
AREA _LIT
	RADIX HEX
	BASE 34FB
	SIZE 1772
	ATTRIB REL CON
	GLOBALS
		.y_table	34FB
		_font_spect	3753
		_font_ibm_fixed	3AD5
		_font_ibm_fixed_tiles	3BD7
		_font_italic	43D7
		_font_ibm	4741
		_font_min	4AC3
AREA _GSINIT
	RADIX HEX
	BASE 4C6D
	SIZE 000B
	ATTRIB REL CON
	GLOBALS
		gsinit	4C6D
AREA _GSINITTAIL
	RADIX HEX
	BASE 4C78
	SIZE 0001
	ATTRIB REL CON
AREA _GSFINAL
	RADIX HEX
	BASE 4C79
	SIZE 0000
	ATTRIB REL CON
AREA _DATA
	RADIX HEX
	BASE C0A0
	SIZE 0309
	ATTRIB REL CON
	GLOBALS
		_data_buffer	C0A0
		_current_tool	C3A0
		_current_color	C3A1
		_current_mode	C3A2
		_current_cursor	C3A3
		_menu_cursor_pos	C3A4
		_cursor_x	C3A5
		_cursor_y	C3A6
		_digits	C3A7
AREA _BSS
	RADIX HEX
	BASE C3A9
	SIZE 008D
	ATTRIB REL CON
	GLOBALS
		__cpu	C3A9
		.mode	C3AA
		__io_out	C3AB
		__io_in	C3AC
		__io_status	C3AD
		.vbl_done	C3AE
		_sys_time	C3AF
		.sys_time	C3AF
		.int_0x40	C3B1
		.int_0x48	C3C1
		.int_0x50	C3D1
		.int_0x58	C3E1
		.int_0x60	C3F1
		font_current	C401
		font_first_free_tile	C404
		font_table	C405
		.curx	C417
		.cury	C418
		.fg_colour	C419
		.bg_colour	C41A
AREA _HEAP
	RADIX HEX
	BASE C436
	SIZE 0000
	ATTRIB REL CON
	GLOBALS
		_malloc_heap_start	C436
AREA _OVERLAY
	RADIX HEX
	BASE C436
	SIZE 0000
	ATTRIB REL CON
AREA _ISEG
	RADIX HEX
	BASE C436
	SIZE 0000
	ATTRIB REL CON
AREA _BSEG
	RADIX HEX
	BASE C436
	SIZE 0000
	ATTRIB REL CON
AREA _XSEG
	RADIX HEX
	BASE C436
	SIZE 0000
	ATTRIB REL CON
AREA _SFR
	RADIX HEX
	BASE 0000
	SIZE 10000
	ATTRIB ABS OVR
	GLOBALS
		_P1_REG	FF00
		_SB_REG	FF01
		_SC_REG	FF02
		_DIV_REG	FF04
		_TIMA_REG	FF05
		_TMA_REG	FF06
		_TAC_REG	FF07
		_IF_REG	FF0F
		_NR10_REG	FF10
		_NR11_REG	FF11
		_NR12_REG	FF12
		_NR13_REG	FF13
		_NR14_REG	FF14
		_NR21_REG	FF16
		_NR22_REG	FF17
		_NR23_REG	FF18
		_NR24_REG	FF19
		_NR30_REG	FF1A
		_NR31_REG	FF1B
		_NR32_REG	FF1C
		_NR33_REG	FF1D
		_NR34_REG	FF1E
		_NR41_REG	FF20
		_NR42_REG	FF21
		_NR43_REG	FF22
		_NR44_REG	FF23
		_NR50_REG	FF24
		_NR51_REG	FF25
		_NR52_REG	FF26
		_LCDC_REG	FF40
		_STAT_REG	FF41
		_SCY_REG	FF42
		_SCX_REG	FF43
		_LY_REG	FF44
		_LYC_REG	FF45
		_DMA_REG	FF46
		_BGP_REG	FF47
		_OBP0_REG	FF48
		_OBP1_REG	FF49
		_WY_REG	FF4A
		_WX_REG	FF4B
		_KEY1_REG	FF4D
		_VBK_REG	FF4F
		_HDMA1_REG	FF51
		_HDMA2_REG	FF52
		_HDMA3_REG	FF53
		_HDMA4_REG	FF54
		_HDMA5_REG	FF55
		_RP_REG	FF56
		_BCPS_REG	FF68
		_BCPD_REG	FF69
		_OCPS_REG	FF6A
		_OCPD_REG	FF6B
		_SVBK_REG	FF70
		_IE_REG	FFFF
MODULES
	FILE C:\repo\gb\mygb\mygb\lib/gb/crt0.o
		NAME Runtime
	FILE mypaint.o
		NAME lcc33480
LIBRARIES
	LIBRARY C:\repo\gb\mygb\mygb\lib/gb/gb.lib
		MODULE cgb.o
	LIBRARY C:\repo\gb\mygb\mygb\lib/gb/gb.lib
		MODULE sfr.o
	LIBRARY C:\repo\gb\mygb\mygb\lib/gb/gb.lib
		MODULE font.o
	LIBRARY C:\repo\gb\mygb\mygb\lib/gb/gb.lib
		MODULE set_prop.o
	LIBRARY C:\repo\gb\mygb\mygb\lib/gb/gb.lib
		MODULE scroll_b.o
	LIBRARY C:\repo\gb\mygb\mygb\lib/gb/gb.lib
		MODULE mv_win.o
	LIBRARY C:\repo\gb\mygb\mygb\lib/gb/gb.lib
		MODULE drawing.o
	LIBRARY C:\repo\gb\mygb\mygb\lib/gb/gb.lib
		MODULE pad.o
	LIBRARY C:\repo\gb\mygb\mygb\lib/gb/gb.lib
		MODULE mv_spr.o
	LIBRARY C:\repo\gb\mygb\mygb\lib/gb/gb.lib
		MODULE get_wi_t.o
	LIBRARY C:\repo\gb\mygb\mygb\lib/gb/gb.lib
		MODULE gprintln.o
	LIBRARY C:\repo\gb\mygb\mygb\lib/gb/gb.lib
		MODULE get_data.o
	LIBRARY C:\repo\gb\mygb\mygb\lib/gb/gb.lib
		MODULE set_data.o
	LIBRARY C:\repo\gb\mygb\mygb\lib/gb/gb.lib
		MODULE input.o
	LIBRARY C:\repo\gb\mygb\mygb\lib/gb/gb.lib
		MODULE f_spect.o
	LIBRARY C:\repo\gb\mygb\mygb\lib/gb/gb.lib
		MODULE serial.o
	LIBRARY C:\repo\gb\mygb\mygb\lib/gb/gb.lib
		MODULE cpy_data.o
	LIBRARY C:\repo\gb\mygb\mygb\lib/gb/gb.lib
		MODULE set_wi_t.o
	LIBRARY C:\repo\gb\mygb\mygb\lib/gb/gb.lib
		MODULE gprintf.o
	LIBRARY C:\repo\gb\mygb\mygb\lib/gb/gb.lib
		MODULE scroll_w.o
	LIBRARY C:\repo\gb\mygb\mygb\lib/gb/gb.lib
		MODULE ibmfixed.o
	LIBRARY C:\repo\gb\mygb\mygb\lib/gb/gb.lib
		MODULE get_xy_t.o
	LIBRARY C:\repo\gb\mygb\mygb\lib/gbz80/gbz80.lib
		MODULE mul.o
	LIBRARY C:\repo\gb\mygb\mygb\lib/gb/gb.lib
		MODULE gprintn.o
	LIBRARY C:\repo\gb\mygb\mygb\lib/gb/gb.lib
		MODULE get_spr.o
	LIBRARY C:\repo\gb\mygb\mygb\lib/gb/gb.lib
		MODULE digits.o
	LIBRARY C:\repo\gb\mygb\mygb\lib/gb/gb.lib
		MODULE scroll_s.o
	LIBRARY C:\repo\gb\mygb\mygb\lib/gbz80/gbz80.lib
		MODULE printf.o
	LIBRARY C:\repo\gb\mygb\mygb\lib/gb/gb.lib
		MODULE mv_bkg.o
	LIBRARY C:\repo\gb\mygb\mygb\lib/gb/gb.lib
		MODULE set_xy_t.o
	LIBRARY C:\repo\gb\mygb\mygb\lib/gbz80/gbz80.lib
		MODULE puts.o
	LIBRARY C:\repo\gb\mygb\mygb\lib/gb/gb.lib
		MODULE f_italic.o
	LIBRARY C:\repo\gb\mygb\mygb\lib/gb/gb.lib
		MODULE f_ibm_sh.o
	LIBRARY C:\repo\gb\mygb\mygb\lib/gb/gb.lib
		MODULE set_spr.o
	LIBRARY C:\repo\gb\mygb\mygb\lib/gb/gb.lib
		MODULE delay.o
	LIBRARY C:\repo\gb\mygb\mygb\lib/gb/gb.lib
		MODULE get_bk_t.o
	LIBRARY C:\repo\gb\mygb\mygb\lib/gb/gb.lib
		MODULE gprint.o
	LIBRARY C:\repo\gb\mygb\mygb\lib/gb/gb.lib
		MODULE get_prop.o
	LIBRARY C:\repo\gb\mygb\mygb\lib/gb/gb.lib
		MODULE init_tt.o
	LIBRARY C:\repo\gb\mygb\mygb\lib/gb/gb.lib
		MODULE sgb.o
	LIBRARY C:\repo\gb\mygb\mygb\lib/gb/gb.lib
		MODULE f_min.o
	LIBRARY C:\repo\gb\mygb\mygb\lib/gb/gb.lib
		MODULE hiramcpy.o
	LIBRARY C:\repo\gb\mygb\mygb\lib/gbz80/gbz80.lib
		MODULE div.o
	LIBRARY C:\repo\gb\mygb\mygb\lib/gb/gb.lib
		MODULE set_bk_t.o
USERBASEDEF
	_CODE=0x0200
	_DATA=0xC0A0
	_CODE_1=0x4000
USERGLOBALDEF
	.OAM=0xC000
	.STACK=0xE000
	.refresh_OAM=0xFF80
	.init=0x0000
