AREA .  .ABS.
	RADIX HEX
	BASE 0000
	SIZE 0000
	ATTRIB ABS OVR
	GLOBALS
		l__HEAP	0000
		l__BSEG	0000
		l_.  .ABS.	0000
		l__GSFINAL	0000
		l__ISEG	0000
		s_.  .ABS.	0000
		l__HOME	0000
		s__HEADER	0000
		l__XSEG	0000
		.init	0000
		l__OVERLAY	0000
		_data_song_fullos0	0000
		_data_song_fullos1	0000
		_data_song_fullos2	0000
		_data_song_fullos3	0000
		_data_song_fullos4	0000
		_data_song_fullos5	0000
		_data_song_fullos6	0000
		_data_song_fullos7	0000
		_data_song_fullos8	0000
		s__SFR	0000
		l__GSINITTAIL	0001
		l__BSS	008D
		l__HEADER	01EF
		s__CODE	0200
		l__DATA	04D5
		l__GSINIT	07DB
		l__LIT	1772
		l__CODE	43E6
		s__HOME	45E6
		s__LIT	45E6
		s__GSINIT	5D58
		s__GSINITTAIL	6533
		s__GSFINAL	6534
		.OAM	C000
		s__DATA	C0A0
		s__BSS	C575
		s__HEAP	C602
		s__BSEG	C602
		s__ISEG	C602
		s__XSEG	C602
		s__OVERLAY	C602
		.STACK	E000
		.refresh_OAM	FF80
		l__SFR	10000
AREA _CODE
	RADIX HEX
	BASE 0200
	SIZE 43E6
	ATTRIB REL CON
	GLOBALS
		.set_mode	0200
		.remove_VBL	0210
		.remove_LCD	0216
		.remove_TIM	021C
		.remove_SIO	0222
		.remove_JOY	0228
		.add_VBL	022E
		.add_LCD	0234
		.add_TIM	023A
		.add_SIO	0240
		.add_JOY	0246
		.remove_int	024C
		.add_int	026C
		.wait_vbl_done	0288
		_wait_vbl_done	0288
		_display_off	0299
		.display_off	0299
		.serial_IO	02BA
		_mode	02E9
		_get_mode	02F2
		_enable_interrupts	02F7
		_disable_interrupts	02F9
		_reset	02FB
		.reset	02FB
		_set_interrupts	0301
		_remove_VBL	030C
		_remove_LCD	0317
		_remove_TIM	0322
		_remove_SIO	032D
		_remove_JOY	0338
		_add_VBL	0343
		_add_LCD	034E
		_add_TIM	0359
		_add_SIO	0364
		_add_JOY	036F
		_clock	037A
		__printTStates	0383
		_patern_definition	0384
		_stopmusic	04BA
		_resetmusic	04F1
		_effect_test	0540
		_instru_test	0A77
		_voice0	1145
		_voice1	1241
		_voice2	1338
		_voice3	1428
		_music	14DA
		_set_cursor	1571
		_move_cursor	1669
		_move_menu_cursor	177E
		_set_icon	17F5
		_change_icon	1990
		_reset_icon	1B7E
		_splash	1C83
		_menu	1DB6
		_run	207C
		_delayFrames	21E7
		_fontTest	21FB
		_musicTest	223D
		_main	22A7
		_initL	22B4
		_icons	22B9
		_data	236D
		_selected_data	266D
		_cursors	296D
		_cursors_data	298B
		_colors	2ADB
		_modes	2ADF
		_set_bkg_palette	2AF2
		_set_sprite_palette	2B1D
		_set_bkg_palette_entry	2B48
		_set_sprite_palette_entry	2B70
		_cpu_slow	2B98
		_cpu_fast	2BB3
		_cgb_compatibility	2BBA
		font_copy_uncompressed	2C03
		font_copy_compressed	2C39
		font_load	2C8E
		font_copy_current	2CD6
		font_set	2D1E
		.put_char	2D2B
		.out_char	2D44
		.del_char	2D4B
		_putchar	2DA5
		_setchar	2DAC
		_font_load	2DB5
		_font_set	2DC3
		_font_init	2DD2
		_print_repeat	2DF4
		_gotoxy	2E0B
		_cls	2E16
		.cls	2E16
		_posx	2E31
		_posy	2E42
		.cr_curs	2E6A
		.adv_curs	2E7F
		.tmode	2EDB
		.tmode_out	2F04
		.set_sprite_prop	2F14
		_set_sprite_prop	2F21
		_scroll_bkg	2F2C
		_move_win	2F42
		.gmode	2F4B
		.vbl	2FAD
		.lcd	2FB8
		.draw_image	2FC5
		.switch_data	2FCF
		.adv_gcurs	3006
		.circle	3023
		.horlin	30C6
		.verlin	30FE
		.circplot	315A
		.box	31D8
		.line	32AE
		.xonly	33CF
		.yonly	351E
		.plot	353F
		.wrbyte	355C
		.getpix	35DE
		.wrtchr	3613
		_gotogxy	3677
		_wrtchr	3682
		_getpix	3697
		_color	36A3
		_circle	36B2
		_box	36CC
		_line	36F0
		_plot_point	3708
		_plot	371C
		_switch_data	3738
		_draw_image	3753
		.padup	3766
		_waitpadup	3766
		.jpad	3776
		.wait_pad	37A3
		_joypad	37AA
		_waitpad	37AF
		.mv_sprite	37B9
		_move_sprite	37C8
		_get_win_tiles	37D5
		_gprintln	37E9
		_get_win_data	3877
		_get_bkg_data	3877
		_get_sprite_data	38C4
		_set_win_data	38F4
		_set_bkg_data	38F4
		_set_sprite_data	3941
		.tmode_inout	3970
		_getchar	3C26
		_gets	3C37
		_send_byte	3C4E
		_receive_byte	3C61
		.copy_vram	3C72
		_get_data	3C81
		_set_data	3C81
		_set_win_tiles	3C94
		_gprintf	3CA8
		_scroll_win	3E1B
		.get_xy_wtt	3E31
		.get_xy_btt	3E43
		.get_xy_tt	3E52
		_get_tiles	3E83
		__mulschar	3E9C
		__muluchar	3E9C
		__mulsint	3EA8
		__muluint	3EA8
		.mulu16	3EBC
		.mul16	3EBC
		_gprintn	3ED2
		.get_sprite_tile	3F4C
		_get_sprite_tile	3F59
		.scroll_sprite	3F73
		_scroll_sprite	3F84
		_printf	41CF
		_sprintf	423C
		_move_bkg	4294
		.set_xy_wtt	429D
		.set_xy_btt	42AE
		.set_xy_tt	42BD
		_set_tiles	42EE
		_puts	4307
		.set_sprite_tile	433D
		_set_sprite_tile	434A
		.delay	4355
		_delay	438F
		_get_bkg_tiles	4398
		_gprint	43AC
		.get_sprite_prop	43D9
		_get_sprite_prop	43E6
		.init_vram	43EF
		.init_wtt	43FD
		.init_btt	440D
		.init_tt	441B
		.sgb_check	4421
		_sgb_check	4421
		.sgb_transfer	446E
		.hiramcpy	44CF
		_hiramcpy	44D6
		__divschar	44E6
		__modschar	44F2
		__divsint	44FD
		__modsint	450E
		__divuchar	451D
		__moduchar	4529
		__divuint	4534
		__moduint	4545
		.mod8	4554
		.div8	4554
		.mod16	455C
		.div16	455C
		.modu8	4592
		.divu8	4592
		.modu16	4595
		.divu16	4595
		_set_bkg_tiles	45D2
AREA _HEADER
	RADIX HEX
	BASE 0000
	SIZE 01EF
	ATTRIB ABS OVR
	GLOBALS
		_exit	01D1
AREA _HOME
	RADIX HEX
	BASE 45E6
	SIZE 0000
	ATTRIB REL CON
AREA _LIT
	RADIX HEX
	BASE 45E6
	SIZE 1772
	ATTRIB REL CON
	GLOBALS
		.y_table	45E6
		_font_spect	483E
		_font_ibm_fixed	4BC0
		_font_ibm_fixed_tiles	4CC2
		_font_italic	54C2
		_font_ibm	582C
		_font_min	5BAE
AREA _GSINIT
	RADIX HEX
	BASE 5D58
	SIZE 07DB
	ATTRIB REL CON
	GLOBALS
		gsinit	5D58
AREA _GSINITTAIL
	RADIX HEX
	BASE 6533
	SIZE 0001
	ATTRIB REL CON
AREA _GSFINAL
	RADIX HEX
	BASE 6534
	SIZE 0000
	ATTRIB REL CON
AREA _DATA
	RADIX HEX
	BASE C0A0
	SIZE 04D5
	ATTRIB REL CON
	GLOBALS
		_patern	C0A0
		_nbr_patern	C0A2
		_song_nbr	C0A4
		_data_song_ptr	C0A6
		_clock01	C0A8
		_step	C0AA
		_timer	C0AC
		_musicwait	C0AE
		_voice	C0B0
		_freqLOW	C0B2
		_freqHI	C0B3
		_freqHI_v1	C0B4
		_freqHI_v2	C0B6
		_gb_freq	C0B8
		_data_song	C0BA
		_fx_value	C0BC
		_fx_volume	C0BD
		_fx_pan0	C0BE
		_fx_pan1	C0C0
		_fx_pan2	C0C2
		_fx_pan3	C0C4
		_snd_swp0	C0C6
		_snd_lngh0	C0C8
		_snd_env0	C0CA
		_snd_cons0	C0CC
		_snd_lngh1	C0CE
		_snd_env1	C0D0
		_snd_cons1	C0D2
		_snd_lngh3	C0D4
		_snd_env3	C0D6
		_snd_poly3	C0D8
		_snd_cons3	C0DA
		_wave	C0DC
		_frequencies	C1DC
		_data_buffer	C26C
		_current_tool	C56C
		_current_color	C56D
		_current_mode	C56E
		_current_cursor	C56F
		_menu_cursor_pos	C570
		_cursor_x	C571
		_cursor_y	C572
		_digits	C573
AREA _BSS
	RADIX HEX
	BASE C575
	SIZE 008D
	ATTRIB REL CON
	GLOBALS
		__cpu	C575
		.mode	C576
		__io_out	C577
		__io_in	C578
		__io_status	C579
		.vbl_done	C57A
		_sys_time	C57B
		.sys_time	C57B
		.int_0x40	C57D
		.int_0x48	C58D
		.int_0x50	C59D
		.int_0x58	C5AD
		.int_0x60	C5BD
		font_current	C5CD
		font_first_free_tile	C5D0
		font_table	C5D1
		.curx	C5E3
		.cury	C5E4
		.fg_colour	C5E5
		.bg_colour	C5E6
AREA _HEAP
	RADIX HEX
	BASE C602
	SIZE 0000
	ATTRIB REL CON
	GLOBALS
		_malloc_heap_start	C602
AREA _OVERLAY
	RADIX HEX
	BASE C602
	SIZE 0000
	ATTRIB REL CON
AREA _ISEG
	RADIX HEX
	BASE C602
	SIZE 0000
	ATTRIB REL CON
AREA _BSEG
	RADIX HEX
	BASE C602
	SIZE 0000
	ATTRIB REL CON
AREA _XSEG
	RADIX HEX
	BASE C602
	SIZE 0000
	ATTRIB REL CON
AREA _SFR
	RADIX HEX
	BASE 0000
	SIZE 10000
	ATTRIB ABS OVR
	GLOBALS
		_P1_REG	FF00
		_SB_REG	FF01
		_SC_REG	FF02
		_DIV_REG	FF04
		_TIMA_REG	FF05
		_TMA_REG	FF06
		_TAC_REG	FF07
		_IF_REG	FF0F
		_NR10_REG	FF10
		_NR11_REG	FF11
		_NR12_REG	FF12
		_NR13_REG	FF13
		_NR14_REG	FF14
		_NR21_REG	FF16
		_NR22_REG	FF17
		_NR23_REG	FF18
		_NR24_REG	FF19
		_NR30_REG	FF1A
		_NR31_REG	FF1B
		_NR32_REG	FF1C
		_NR33_REG	FF1D
		_NR34_REG	FF1E
		_NR41_REG	FF20
		_NR42_REG	FF21
		_NR43_REG	FF22
		_NR44_REG	FF23
		_NR50_REG	FF24
		_NR51_REG	FF25
		_NR52_REG	FF26
		_LCDC_REG	FF40
		_STAT_REG	FF41
		_SCY_REG	FF42
		_SCX_REG	FF43
		_LY_REG	FF44
		_LYC_REG	FF45
		_DMA_REG	FF46
		_BGP_REG	FF47
		_OBP0_REG	FF48
		_OBP1_REG	FF49
		_WY_REG	FF4A
		_WX_REG	FF4B
		_KEY1_REG	FF4D
		_VBK_REG	FF4F
		_HDMA1_REG	FF51
		_HDMA2_REG	FF52
		_HDMA3_REG	FF53
		_HDMA4_REG	FF54
		_HDMA5_REG	FF55
		_RP_REG	FF56
		_BCPS_REG	FF68
		_BCPD_REG	FF69
		_OCPS_REG	FF6A
		_OCPD_REG	FF6B
		_SVBK_REG	FF70
		_IE_REG	FFFF
MODULES
	FILE C:\repo\gb\mygb\mygb\lib/gb/crt0.o
		NAME Runtime
	FILE mypaint.o
		NAME lcc97200
LIBRARIES
	LIBRARY C:\repo\gb\mygb\mygb\lib/gb/gb.lib
		MODULE cgb.o
	LIBRARY C:\repo\gb\mygb\mygb\lib/gb/gb.lib
		MODULE sfr.o
	LIBRARY C:\repo\gb\mygb\mygb\lib/gb/gb.lib
		MODULE font.o
	LIBRARY C:\repo\gb\mygb\mygb\lib/gb/gb.lib
		MODULE set_prop.o
	LIBRARY C:\repo\gb\mygb\mygb\lib/gb/gb.lib
		MODULE scroll_b.o
	LIBRARY C:\repo\gb\mygb\mygb\lib/gb/gb.lib
		MODULE mv_win.o
	LIBRARY C:\repo\gb\mygb\mygb\lib/gb/gb.lib
		MODULE drawing.o
	LIBRARY C:\repo\gb\mygb\mygb\lib/gb/gb.lib
		MODULE pad.o
	LIBRARY C:\repo\gb\mygb\mygb\lib/gb/gb.lib
		MODULE mv_spr.o
	LIBRARY C:\repo\gb\mygb\mygb\lib/gb/gb.lib
		MODULE get_wi_t.o
	LIBRARY C:\repo\gb\mygb\mygb\lib/gb/gb.lib
		MODULE gprintln.o
	LIBRARY C:\repo\gb\mygb\mygb\lib/gb/gb.lib
		MODULE get_data.o
	LIBRARY C:\repo\gb\mygb\mygb\lib/gb/gb.lib
		MODULE set_data.o
	LIBRARY C:\repo\gb\mygb\mygb\lib/gb/gb.lib
		MODULE input.o
	LIBRARY C:\repo\gb\mygb\mygb\lib/gb/gb.lib
		MODULE f_spect.o
	LIBRARY C:\repo\gb\mygb\mygb\lib/gb/gb.lib
		MODULE serial.o
	LIBRARY C:\repo\gb\mygb\mygb\lib/gb/gb.lib
		MODULE cpy_data.o
	LIBRARY C:\repo\gb\mygb\mygb\lib/gb/gb.lib
		MODULE set_wi_t.o
	LIBRARY C:\repo\gb\mygb\mygb\lib/gb/gb.lib
		MODULE gprintf.o
	LIBRARY C:\repo\gb\mygb\mygb\lib/gb/gb.lib
		MODULE scroll_w.o
	LIBRARY C:\repo\gb\mygb\mygb\lib/gb/gb.lib
		MODULE ibmfixed.o
	LIBRARY C:\repo\gb\mygb\mygb\lib/gb/gb.lib
		MODULE get_xy_t.o
	LIBRARY C:\repo\gb\mygb\mygb\lib/gbz80/gbz80.lib
		MODULE mul.o
	LIBRARY C:\repo\gb\mygb\mygb\lib/gb/gb.lib
		MODULE gprintn.o
	LIBRARY C:\repo\gb\mygb\mygb\lib/gb/gb.lib
		MODULE get_spr.o
	LIBRARY C:\repo\gb\mygb\mygb\lib/gb/gb.lib
		MODULE digits.o
	LIBRARY C:\repo\gb\mygb\mygb\lib/gb/gb.lib
		MODULE scroll_s.o
	LIBRARY C:\repo\gb\mygb\mygb\lib/gbz80/gbz80.lib
		MODULE printf.o
	LIBRARY C:\repo\gb\mygb\mygb\lib/gb/gb.lib
		MODULE mv_bkg.o
	LIBRARY C:\repo\gb\mygb\mygb\lib/gb/gb.lib
		MODULE set_xy_t.o
	LIBRARY C:\repo\gb\mygb\mygb\lib/gbz80/gbz80.lib
		MODULE puts.o
	LIBRARY C:\repo\gb\mygb\mygb\lib/gb/gb.lib
		MODULE f_italic.o
	LIBRARY C:\repo\gb\mygb\mygb\lib/gb/gb.lib
		MODULE f_ibm_sh.o
	LIBRARY C:\repo\gb\mygb\mygb\lib/gb/gb.lib
		MODULE set_spr.o
	LIBRARY C:\repo\gb\mygb\mygb\lib/gb/gb.lib
		MODULE delay.o
	LIBRARY C:\repo\gb\mygb\mygb\lib/gb/gb.lib
		MODULE get_bk_t.o
	LIBRARY C:\repo\gb\mygb\mygb\lib/gb/gb.lib
		MODULE gprint.o
	LIBRARY C:\repo\gb\mygb\mygb\lib/gb/gb.lib
		MODULE get_prop.o
	LIBRARY C:\repo\gb\mygb\mygb\lib/gb/gb.lib
		MODULE init_tt.o
	LIBRARY C:\repo\gb\mygb\mygb\lib/gb/gb.lib
		MODULE sgb.o
	LIBRARY C:\repo\gb\mygb\mygb\lib/gb/gb.lib
		MODULE f_min.o
	LIBRARY C:\repo\gb\mygb\mygb\lib/gb/gb.lib
		MODULE hiramcpy.o
	LIBRARY C:\repo\gb\mygb\mygb\lib/gbz80/gbz80.lib
		MODULE div.o
	LIBRARY C:\repo\gb\mygb\mygb\lib/gb/gb.lib
		MODULE set_bk_t.o
USERBASEDEF
	_CODE=0x0200
	_DATA=0xC0A0
	_CODE_1=0x4000
USERGLOBALDEF
	.OAM=0xC000
	.STACK=0xE000
	.refresh_OAM=0xFF80
	.init=0x0000

?ASlink-Warning-Undefined Global _data_song_fullos0 referenced by module lcc97200

?ASlink-Warning-Undefined Global _data_song_fullos1 referenced by module lcc97200

?ASlink-Warning-Undefined Global _data_song_fullos2 referenced by module lcc97200

?ASlink-Warning-Undefined Global _data_song_fullos3 referenced by module lcc97200

?ASlink-Warning-Undefined Global _data_song_fullos4 referenced by module lcc97200

?ASlink-Warning-Undefined Global _data_song_fullos5 referenced by module lcc97200

?ASlink-Warning-Undefined Global _data_song_fullos6 referenced by module lcc97200

?ASlink-Warning-Undefined Global _data_song_fullos7 referenced by module lcc97200

?ASlink-Warning-Undefined Global _data_song_fullos8 referenced by module lcc97200
